warning: variable does not need to be mutable
  --> tests/compile_fail/wrong_realm_root.rs:25:9
   |
25 |     let mut container = Container(None);
   |         ----^^^^^^^^^
   |         |
   |         help: remove this `mut`
   |
   = note: `#[warn(unused_mut)]` on by default

error[E0597]: `_pin` does not live long enough
  --> tests/compile_fail/wrong_realm_root.rs:23:5
   |
23 |     dreck!(owner2, arena2);
   |     ^^^^^^^^^^^^^^^^^^^^^^
   |     |
   |     borrowed value does not live long enough
   |     binding `_pin` declared here
...
33 | }
   | -
   | |
   | `_pin` dropped here while still borrowed
   | borrow might be used here, when `_lifetime_constrainer` is dropped and runs the `Drop` code for type `main::KeepTillScopeDrop`
   |
   = note: values in a scope are dropped in the opposite order they are defined
   = note: this error originates in the macro `dreck` (in Nightly builds, run with -Z macro-backtrace for more info)
